// Jest Snapshot v1, https://goo.gl/fbAQLP

exports[`<BrigtnessSlider /> Renders the slider 1`] = `
<div>
  <div
    data-test-id="brightness-slider"
  >
    <div
      class="ant-slider brightness-slider"
    >
      <div
        class="ant-slider-rail"
      />
      <div
        class="ant-slider-track"
        style="left: 0%; width: 100%;"
      />
      <div
        class="ant-slider-step"
      />
      <div
        aria-disabled="false"
        aria-valuemax="1"
        aria-valuemin="0"
        aria-valuenow="1"
        class="ant-slider-handle"
        role="slider"
        style="left: 100%; transform: translateX(-50%);"
        tabindex="0"
      />
      <div
        class="ant-slider-mark"
      />
    </div>
  </div>
</div>
`;
